<testsuites id="" name="" tests="13" failures="0" skipped="0" errors="0" time="47.596413999999996">
<testsuite name="profile.spec.ts" timestamp="2025-06-09T13:54:59.536Z" hostname="chromium" tests="13" failures="0" skipped="0" time="51.164" errors="0">
<testcase name="User Profile Management › should display user profile information" classname="profile.spec.ts" time="4.666">
</testcase>
<testcase name="User Profile Management › should show edit profile button" classname="profile.spec.ts" time="4.486">
</testcase>
<testcase name="User Profile Management › should show change password button" classname="profile.spec.ts" time="4.329">
</testcase>
<testcase name="User Profile Management › should display user bookings section" classname="profile.spec.ts" time="4.722">
</testcase>
<testcase name="User Profile Management › should show clickable booking cards if bookings exist" classname="profile.spec.ts" time="5.343">
</testcase>
<testcase name="User Profile Management › should display booking images if bookings exist" classname="profile.spec.ts" time="4.892">
</testcase>
<testcase name="User Profile Management › should show rate and review buttons for past bookings if they exist" classname="profile.spec.ts" time="3.229">
</testcase>
<testcase name="User Profile Management › should show logout functionality" classname="profile.spec.ts" time="4.934">
</testcase>
<testcase name="User Profile Management › should format currency correctly in bookings if they exist" classname="profile.spec.ts" time="3.216">
</testcase>
<testcase name="User Profile Management › should show owner dashboard link for owner accounts" classname="profile.spec.ts" time="3.173">
</testcase>
<testcase name="User Profile Management › should show account type badge" classname="profile.spec.ts" time="3.181">
</testcase>
<testcase name="User Profile Management › should show refresh button for bookings" classname="profile.spec.ts" time="3.188">
</testcase>
<testcase name="User Profile Management › should display user avatar with first letter of name" classname="profile.spec.ts" time="1.805">
</testcase>
</testsuite>
</testsuites>